Content-Type: text/plain
layer at (0,0) size 800x600
  RenderView at (0,0) size 800x600
layer at (0,0) size 800x208
  RenderBlock {HTML} at (0,0) size 800x208.06
    RenderBody {BODY} at (8,16) size 784x170.80
      RenderBlock {P} at (0,0) size 784x18
        RenderText {#text} at (0,0) size 350x18
          text run at (0,0) width 350: "This tests data binding of heading."
      RenderBlock {H4} at (0,39.27) size 784x18
        RenderText {#text} at (0,0) size 40x18
          text run at (0,0) width 40: "PASS"
      RenderBlock {P} at (0,78.53) size 784x18
        RenderText {#text} at (0,0) size 340x18
          text run at (0,0) width 340: "This tests data binding of strong."
      RenderBlock (anonymous) at (0,112.53) size 784x19
        RenderInline {STRONG} at (0,0) size 40x18
          RenderText {#text} at (0,1) size 40x18
            text run at (0,1) width 40: "PASS"
        RenderText {#text} at (0,0) size 0x0
      RenderBlock {H4} at (0,152.80) size 784x18
        RenderText {#text} at (0,0) size 320x18
          text run at (0,0) width 320: "You should see two \"PASS\" above."
