Content-Type: text/plain
layer at (0,0) size 800x600
  RenderView at (0,0) size 800x600
layer at (0,0) size 800x110
  RenderBlock {HTML} at (0,0) size 800x110
    RenderBody {BODY} at (8,8) size 784x94
      RenderBlock (anonymous) at (0,0) size 784x18
        RenderText {#text} at (0,0) size 280x18
          text run at (0,0) width 280: "Expect nested divs 0 then 1."
      RenderBlock {DIV} at (0,18) size 784x76
        RenderBlock (anonymous) at (10,10) size 764x18
          RenderText {#text} at (0,0) size 10x18
            text run at (0,0) width 10: "0"
          RenderText {#text} at (0,0) size 0x0
          RenderText {#text} at (0,0) size 0x0
        RenderBlock {DIV} at (10,28) size 764x38
          RenderText {#text} at (10,10) size 10x18
            text run at (10,10) width 10: "1"
          RenderText {#text} at (0,0) size 0x0
          RenderText {#text} at (0,0) size 0x0
